#-----------------------------------------------------------
# Vivado v2019.1 (64-bit)
# SW Build 2552052 on Fri May 24 14:47:09 MDT 2019
# IP Build 2548770 on Fri May 24 18:01:18 MDT 2019
# Start of session at: Sun Jun 21 23:59:25 2020
# Process ID: 9781
# Current directory: /home/akos/repos/work/fletcher-oc-accel/fletcher/examples/filter/hardware
# Command line: vivado
# Log file: /home/akos/repos/work/fletcher-oc-accel/fletcher/examples/filter/hardware/vivado.log
# Journal file: /home/akos/repos/work/fletcher-oc-accel/fletcher/examples/filter/hardware/vivado.jou
#-----------------------------------------------------------
start_gui
open_project /home/akos/FPGA/oc_filter/oc_filter.xpr
set_property source_mgmt_mode None [current_project]
launch_simulation
launch_simulation
export_ip_user_files -of_objects  [get_files /home/akos/repos/work/fletcher-oc-accel/fletcher/examples/filter/hardware/vhdl/Sum.gen.vhd] -no_script -reset -force -quiet
export_ip_user_files -of_objects  [get_files /home/akos/repos/work/fletcher-oc-accel/fletcher/examples/filter/hardware/vhdl/Sum_ExampleBatch.gen.vhd] -no_script -reset -force -quiet
export_ip_user_files -of_objects  [get_files /home/akos/repos/work/fletcher-oc-accel/fletcher/examples/filter/hardware/vhdl/Sum_Mantle.gen.vhd] -no_script -reset -force -quiet
export_ip_user_files -of_objects  [get_files /home/akos/repos/work/fletcher-oc-accel/fletcher/examples/filter/hardware/vhdl/Sum_Nucleus.gen.vhd] -no_script -reset -force -quiet
remove_files  {/home/akos/repos/work/fletcher-oc-accel/fletcher/examples/filter/hardware/vhdl/Sum.gen.vhd /home/akos/repos/work/fletcher-oc-accel/fletcher/examples/filter/hardware/vhdl/Sum_ExampleBatch.gen.vhd /home/akos/repos/work/fletcher-oc-accel/fletcher/examples/filter/hardware/vhdl/Sum_Mantle.gen.vhd /home/akos/repos/work/fletcher-oc-accel/fletcher/examples/filter/hardware/vhdl/Sum_Nucleus.gen.vhd}
launch_simulation
open_wave_config /home/akos/FPGA/oc_filter/SimTop_tc_behav.wcfg
source SimTop_tc.tcl
run 1 us
run 1 us
run 1 us
run 1 us
run 1 us
run 1 us
close_sim
